------------------------------------------------------------
TimeQuest Timing Analyzer Summary
------------------------------------------------------------

Type  : Slow 1200mV 85C Model Setup 'plli|altpll_component|auto_generated|pll1|clk[0]'
Slack : -0.362
TNS   : -3.221

Type  : Slow 1200mV 85C Model Hold 'plli|altpll_component|auto_generated|pll1|clk[0]'
Slack : 0.244
TNS   : 0.000

Type  : Slow 1200mV 85C Model Minimum Pulse Width 'plli|altpll_component|auto_generated|pll1|clk[0]'
Slack : 4.659
TNS   : 0.000

Type  : Slow 1200mV 85C Model Minimum Pulse Width 'CLOCK_50'
Slack : 9.747
TNS   : 0.000

Type  : Slow 1200mV 0C Model Setup 'plli|altpll_component|auto_generated|pll1|clk[0]'
Slack : 0.520
TNS   : 0.000

Type  : Slow 1200mV 0C Model Hold 'plli|altpll_component|auto_generated|pll1|clk[0]'
Slack : 0.243
TNS   : 0.000

Type  : Slow 1200mV 0C Model Minimum Pulse Width 'plli|altpll_component|auto_generated|pll1|clk[0]'
Slack : 4.686
TNS   : 0.000

Type  : Slow 1200mV 0C Model Minimum Pulse Width 'CLOCK_50'
Slack : 9.709
TNS   : 0.000

Type  : Fast 1200mV 0C Model Setup 'plli|altpll_component|auto_generated|pll1|clk[0]'
Slack : 2.295
TNS   : 0.000

Type  : Fast 1200mV 0C Model Hold 'plli|altpll_component|auto_generated|pll1|clk[0]'
Slack : 0.109
TNS   : 0.000

Type  : Fast 1200mV 0C Model Minimum Pulse Width 'plli|altpll_component|auto_generated|pll1|clk[0]'
Slack : 4.749
TNS   : 0.000

Type  : Fast 1200mV 0C Model Minimum Pulse Width 'CLOCK_50'
Slack : 9.416
TNS   : 0.000

------------------------------------------------------------
