------------------------------------------------------------
TimeQuest Timing Analyzer Summary
------------------------------------------------------------

Type  : Slow 1200mV 85C Model Setup 'plli|altpll_component|auto_generated|pll1|clk[0]'
Slack : -2.039
TNS   : -376.875

Type  : Slow 1200mV 85C Model Setup 'CLOCK_50'
Slack : 0.155
TNS   : 0.000

Type  : Slow 1200mV 85C Model Hold 'plli|altpll_component|auto_generated|pll1|clk[0]'
Slack : -0.302
TNS   : -0.542

Type  : Slow 1200mV 85C Model Hold 'CLOCK_50'
Slack : 0.356
TNS   : 0.000

Type  : Slow 1200mV 85C Model Minimum Pulse Width 'plli|altpll_component|auto_generated|pll1|clk[0]'
Slack : 4.659
TNS   : 0.000

Type  : Slow 1200mV 85C Model Minimum Pulse Width 'CLOCK_50'
Slack : 9.572
TNS   : 0.000

Type  : Slow 1200mV 0C Model Setup 'plli|altpll_component|auto_generated|pll1|clk[0]'
Slack : -0.804
TNS   : -40.643

Type  : Slow 1200mV 0C Model Setup 'CLOCK_50'
Slack : 0.549
TNS   : 0.000

Type  : Slow 1200mV 0C Model Hold 'plli|altpll_component|auto_generated|pll1|clk[0]'
Slack : -0.293
TNS   : -0.535

Type  : Slow 1200mV 0C Model Hold 'CLOCK_50'
Slack : 0.311
TNS   : 0.000

Type  : Slow 1200mV 0C Model Minimum Pulse Width 'plli|altpll_component|auto_generated|pll1|clk[0]'
Slack : 4.687
TNS   : 0.000

Type  : Slow 1200mV 0C Model Minimum Pulse Width 'CLOCK_50'
Slack : 9.580
TNS   : 0.000

Type  : Fast 1200mV 0C Model Setup 'plli|altpll_component|auto_generated|pll1|clk[0]'
Slack : 1.492
TNS   : 0.000

Type  : Fast 1200mV 0C Model Setup 'CLOCK_50'
Slack : 2.347
TNS   : 0.000

Type  : Fast 1200mV 0C Model Hold 'plli|altpll_component|auto_generated|pll1|clk[0]'
Slack : -0.218
TNS   : -0.405

Type  : Fast 1200mV 0C Model Hold 'CLOCK_50'
Slack : 0.185
TNS   : 0.000

Type  : Fast 1200mV 0C Model Minimum Pulse Width 'plli|altpll_component|auto_generated|pll1|clk[0]'
Slack : 4.749
TNS   : 0.000

Type  : Fast 1200mV 0C Model Minimum Pulse Width 'CLOCK_50'
Slack : 9.241
TNS   : 0.000

------------------------------------------------------------
